###############################################################################
#                                                                             #
# IAR C/C++ Compiler V8.10.3.10338/W32 for 8051         24/Mar/2017  10:35:07 #
# Copyright 2004-2011 IAR Systems AB.                                         #
#                                                                             #
#    Core               =  plain                                              #
#    Code model         =  banked                                             #
#    Data model         =  large                                              #
#    Calling convention =  xdata reentrant                                    #
#    Constant location  =  data_rom                                           #
#    Dptr setup         =  1,16                                               #
#    Source file        =  D:\IAR\ZStack-CC2530-2.5.1a\Projects\zstack\Sample #
#                          s\GenericAppBroadcast\CC2530DB\Endpointer.c        #
#    Command line       =  -f D:\IAR\ZStack-CC2530-2.5.1a\Projects\zstack\Sam #
#                          ples\GenericAppBroadcast\CC2530DB\..\..\..\Tools\C #
#                          C2530DB\f8wEndev.cfg (-DCPU32MHZ                   #
#                          -DROOT=__near_func -DMAC_CFG_TX_DATA_MAX=3         #
#                          -DMAC_CFG_TX_MAX=6 -DMAC_CFG_RX_MAX=3) -f          #
#                          D:\IAR\ZStack-CC2530-2.5.1a\Projects\zstack\Sample #
#                          s\GenericAppBroadcast\CC2530DB\..\..\..\Tools\CC25 #
#                          30DB\f8wConfig.cfg (-DZIGBEEPRO -DSECURE=0         #
#                          -DZG_SECURE_DYNAMIC=0 -DREFLECTOR                  #
#                          -DDEFAULT_CHANLIST=0x00000800                      #
#                          -DZDAPP_CONFIG_PAN_ID=0xFFFF                       #
#                          -DNWK_START_DELAY=100 -DEXTENDED_JOINING_RANDOM_MA #
#                          SK=0x007F -DBEACON_REQUEST_DELAY=100               #
#                          -DBEACON_REQ_DELAY_MASK=0x00FF                     #
#                          -DLINK_STATUS_JITTER_MASK=0x007F                   #
#                          -DROUTE_EXPIRY_TIME=30 -DAPSC_ACK_WAIT_DURATION_PO #
#                          LLED=3000 -DNWK_INDIRECT_MSG_TIMEOUT=7             #
#                          -DMAX_RREQ_ENTRIES=8 -DAPSC_MAX_FRAME_RETRIES=3    #
#                          -DNWK_MAX_DATA_RETRIES=2                           #
#                          -DMAX_POLL_FAILURE_RETRIES=2 -DMAX_BCAST=9         #
#                          -DAPS_MAX_GROUPS=16 -DMAX_RTG_ENTRIES=40           #
#                          -DNWK_MAX_BINDING_ENTRIES=4                        #
#                          -DMAX_BINDING_CLUSTER_IDS=4 "-DDEFAULT_KEY={0x01,  #
#                          0x03, 0x05, 0x07, 0x09, 0x0B, 0x0D, 0x0F, 0x00,    #
#                          0x02, 0x04, 0x06, 0x08, 0x0A, 0x0C, 0x0D}"         #
#                          -DMAC_MAX_FRAME_SIZE=116                           #
#                          -DZDNWKMGR_MIN_TRANSMISSIONS=20 "-DCONST=const     #
#                          __code" -DGENERIC=__generic                        #
#                          -DRFD_RCVC_ALWAYS_ON=FALSE -DPOLL_RATE=1000        #
#                          -DQUEUED_POLL_RATE=100 -DRESPONSE_POLL_RATE=100)   #
#                          -DREJOIN_POLL_RATE=440 D:\IAR\ZStack-CC2530-2.5.1a #
#                          \Projects\zstack\Samples\GenericAppBroadcast\CC253 #
#                          0DB\Endpointer.c -D NWK_AUTO_POLL -D ZTOOL_P1 -D   #
#                          MT_TASK -D MT_SYS_FUNC -D MT_ZDO_FUNC -D           #
#                          LCD_SUPPORTED=DEBUG -D xPOWER_SAVING -lC           #
#                          D:\IAR\ZStack-CC2530-2.5.1a\Projects\zstack\Sample #
#                          s\GenericAppBroadcast\CC2530DB\EndDeviceEB\List\   #
#                          -lA D:\IAR\ZStack-CC2530-2.5.1a\Projects\zstack\Sa #
#                          mples\GenericAppBroadcast\CC2530DB\EndDeviceEB\Lis #
#                          t\ --diag_suppress Pe001,Pa010 -o                  #
#                          D:\IAR\ZStack-CC2530-2.5.1a\Projects\zstack\Sample #
#                          s\GenericAppBroadcast\CC2530DB\EndDeviceEB\Obj\    #
#                          -e --no_code_motion --debug --core=plain           #
#                          --dptr=16,1 --data_model=large                     #
#                          --code_model=banked --calling_convention=xdata_ree #
#                          ntrant --place_constants=data_rom                  #
#                          --nr_virtual_regs 16 -I D:\IAR\ZStack-CC2530-2.5.1 #
#                          a\Projects\zstack\Samples\GenericAppBroadcast\CC25 #
#                          30DB\ -I D:\IAR\ZStack-CC2530-2.5.1a\Projects\zsta #
#                          ck\Samples\GenericAppBroadcast\CC2530DB\..\Source\ #
#                           -I D:\IAR\ZStack-CC2530-2.5.1a\Projects\zstack\Sa #
#                          mples\GenericAppBroadcast\CC2530DB\..\..\..\ZMain\ #
#                          TI2530DB\ -I D:\IAR\ZStack-CC2530-2.5.1a\Projects\ #
#                          zstack\Samples\GenericAppBroadcast\CC2530DB\..\..\ #
#                          ..\..\..\Components\hal\include\ -I                #
#                          D:\IAR\ZStack-CC2530-2.5.1a\Projects\zstack\Sample #
#                          s\GenericAppBroadcast\CC2530DB\..\..\..\..\..\Comp #
#                          onents\hal\target\CC2530EB\ -I                     #
#                          D:\IAR\ZStack-CC2530-2.5.1a\Projects\zstack\Sample #
#                          s\GenericAppBroadcast\CC2530DB\..\..\..\..\..\Comp #
#                          onents\mac\include\ -I D:\IAR\ZStack-CC2530-2.5.1a #
#                          \Projects\zstack\Samples\GenericAppBroadcast\CC253 #
#                          0DB\..\..\..\..\..\Components\mac\high_level\ -I   #
#                          D:\IAR\ZStack-CC2530-2.5.1a\Projects\zstack\Sample #
#                          s\GenericAppBroadcast\CC2530DB\..\..\..\..\..\Comp #
#                          onents\mac\low_level\srf04\ -I                     #
#                          D:\IAR\ZStack-CC2530-2.5.1a\Projects\zstack\Sample #
#                          s\GenericAppBroadcast\CC2530DB\..\..\..\..\..\Comp #
#                          onents\mac\low_level\srf04\single_chip\ -I         #
#                          D:\IAR\ZStack-CC2530-2.5.1a\Projects\zstack\Sample #
#                          s\GenericAppBroadcast\CC2530DB\..\..\..\..\..\Comp #
#                          onents\mt\ -I D:\IAR\ZStack-CC2530-2.5.1a\Projects #
#                          \zstack\Samples\GenericAppBroadcast\CC2530DB\..\.. #
#                          \..\..\..\Components\osal\include\ -I              #
#                          D:\IAR\ZStack-CC2530-2.5.1a\Projects\zstack\Sample #
#                          s\GenericAppBroadcast\CC2530DB\..\..\..\..\..\Comp #
#                          onents\services\saddr\ -I                          #
#                          D:\IAR\ZStack-CC2530-2.5.1a\Projects\zstack\Sample #
#                          s\GenericAppBroadcast\CC2530DB\..\..\..\..\..\Comp #
#                          onents\services\sdata\ -I                          #
#                          D:\IAR\ZStack-CC2530-2.5.1a\Projects\zstack\Sample #
#                          s\GenericAppBroadcast\CC2530DB\..\..\..\..\..\Comp #
#                          onents\stack\af\ -I D:\IAR\ZStack-CC2530-2.5.1a\Pr #
#                          ojects\zstack\Samples\GenericAppBroadcast\CC2530DB #
#                          \..\..\..\..\..\Components\stack\nwk\ -I           #
#                          D:\IAR\ZStack-CC2530-2.5.1a\Projects\zstack\Sample #
#                          s\GenericAppBroadcast\CC2530DB\..\..\..\..\..\Comp #
#                          onents\stack\sapi\ -I D:\IAR\ZStack-CC2530-2.5.1a\ #
#                          Projects\zstack\Samples\GenericAppBroadcast\CC2530 #
#                          DB\..\..\..\..\..\Components\stack\sec\ -I         #
#                          D:\IAR\ZStack-CC2530-2.5.1a\Projects\zstack\Sample #
#                          s\GenericAppBroadcast\CC2530DB\..\..\..\..\..\Comp #
#                          onents\stack\sys\ -I D:\IAR\ZStack-CC2530-2.5.1a\P #
#                          rojects\zstack\Samples\GenericAppBroadcast\CC2530D #
#                          B\..\..\..\..\..\Components\stack\zdo\ -I          #
#                          D:\IAR\ZStack-CC2530-2.5.1a\Projects\zstack\Sample #
#                          s\GenericAppBroadcast\CC2530DB\..\..\..\..\..\Comp #
#                          onents\zmac\ -I D:\IAR\ZStack-CC2530-2.5.1a\Projec #
#                          ts\zstack\Samples\GenericAppBroadcast\CC2530DB\..\ #
#                          ..\..\..\..\Components\zmac\f8w\ -Ohz              #
#                          --require_prototypes                               #
#    List file          =  D:\IAR\ZStack-CC2530-2.5.1a\Projects\zstack\Sample #
#                          s\GenericAppBroadcast\CC2530DB\EndDeviceEB\List\En #
#                          dpointer.lst                                       #
#    Object file        =  D:\IAR\ZStack-CC2530-2.5.1a\Projects\zstack\Sample #
#                          s\GenericAppBroadcast\CC2530DB\EndDeviceEB\Obj\End #
#                          pointer.r51                                        #
#                                                                             #
#                                                                             #
###############################################################################

D:\IAR\ZStack-CC2530-2.5.1a\Projects\zstack\Samples\GenericAppBroadcast\CC2530DB\Endpointer.c
      1          
      2          /*********************************************************************
      3           * INCLUDES
      4           */
      5          #include "OSAL.h"
      6          #include "AF.h"
      7          #include "ZDApp.h"
      8          #include "ZDObject.h"
      9          #include "ZDProfile.h"
     10          
     11          #include "Coordinator.h"
     12          #include "DebugTrace.h"
     13          
     14          #if !defined( WIN32 )
     15            #include "OnBoard.h"
     16          #endif
     17          
     18          /* HAL */
     19          #include "hal_lcd.h"
     20          #include "hal_led.h"
     21          #include "hal_key.h"
     22          #include "hal_uart.h"
     23          
     24          
     25          // This list should be filled with Application specific Cluster IDs.

   \                                 In  segment XDATA_ROM_C, align 1
     26          const cId_t GenericApp_ClusterList[GENERICAPP_MAX_CLUSTERS] =
   \                     GenericApp_ClusterList:
   \   000000   0100         DW 1
     27          {
     28            GENERICAPP_CLUSTERID    // 命令ID
     29          };
     30          
     31          
     32          // 简单描述

   \                                 In  segment XDATA_ROM_C, align 1
     33          const SimpleDescriptionFormat_t GenericApp_SimpleDesc =
   \                     GenericApp_SimpleDesc:
   \   000000   0A           DB 10
   \   000001   040F         DW 3844
   \   000003   0100         DW 1
   \   000005   00           DB 0
   \   000006   00           DB 0
   \   000007   0000         DW 0H
   \   000009   01           DB 1
   \   00000A   ....         DW GenericApp_ClusterList
     34          {
     35            GENERICAPP_ENDPOINT,              //  int Endpoint; 端点号
     36            GENERICAPP_PROFID,                //  uint16 AppProfId[2];
     37            GENERICAPP_DEVICEID,              //  uint16 AppDeviceId[2];
     38            GENERICAPP_DEVICE_VERSION,        //  int   AppDevVer:4;
     39            GENERICAPP_FLAGS,                 //  int   AppFlags:4;
     40            0,                                //  输入集群数;
     41            (cId_t *)NULL,                    //  输入集群;
     42            GENERICAPP_MAX_CLUSTERS,          //  输出集群数;
     43            (cId_t *)GenericApp_ClusterList   // 输出集群;
     44          };
     45          
     46          // This is the Endpoint/Interface description.  It is defined here, but
     47          // filled-in in GenericApp_Init().  Another way to go would be to fill
     48          // in the structure here and make it a "const" (in code space).  The
     49          // way it's defined in this sample app it is define in RAM.
     50          

   \                                 In  segment XDATA_Z, align 1, keep-with-next
     51          endPointDesc_t GenericApp_epDesc;  // 端点描述符
   \                     GenericApp_epDesc:
   \   000000                DS 6
   \   000006                REQUIRE __INIT_XDATA_Z
     52          
     53          
     54          /*********************************************************************
     55           * LOCAL VARIABLES
     56           */
     57          
     58          // 任务ID

   \                                 In  segment XDATA_Z, align 1, keep-with-next
     59          byte GenericApp_TaskID;   // Task ID for internal task/event processing
   \                     GenericApp_TaskID:
   \   000000                DS 1
   \   000001                REQUIRE __INIT_XDATA_Z
     60                                    // This variable will be received when
     61                                    // GenericApp_Init() is called.
     62          // 网络状态

   \                                 In  segment XDATA_Z, align 1, keep-with-next
     63          devStates_t GenericApp_NwkState;
   \                     GenericApp_NwkState:
   \   000000                DS 1
   \   000001                REQUIRE __INIT_XDATA_Z
     64          
     65          // 消息ID

   \                                 In  segment XDATA_Z, align 1, keep-with-next
     66          byte GenericApp_TransID;  // This is the unique message ID (counter)
   \                     GenericApp_TransID:
   \   000000                DS 1
   \   000001                REQUIRE __INIT_XDATA_Z
     67          
     68          
     69          /*********************************************************************
     70           * LOCAL FUNCTIONS
     71           */
     72          
     73          static void GenericApp_SendTheMessage(afIncomingMSGPacket_t *ptr);
     74          
     75          /*********************************************************************
     76           * @fn      GenericApp_Init
     77           *
     78           * @brief   Initialization function for the Generic App Task.
     79           *          This is called during initialization and should contain
     80           *          any application specific initialization (ie. hardware
     81           *          initialization/setup, table initialization, power up
     82           *          notificaiton ... ).
     83           *
     84           * @param   task_id - the ID assigned by OSAL.  This ID should be
     85           *                    used to send messages and set timers.
     86           *
     87           * @return  none
     88           */

   \                                 In  segment BANKED_CODE, align 1, keep-with-next
     89          void GenericApp_Init( uint8 task_id )
   \                     GenericApp_Init:
     90          {
   \   000000   74F7         MOV     A,#-0x9
   \   000002   12....       LCALL   ?BANKED_ENTER_XDATA
   \   000005                ; Saved register size: 9
   \   000005                ; Auto size: 0
   \   000005   E9           MOV     A,R1
     91            GenericApp_TaskID = task_id;     // 保存任务ID
   \   000006   90....       MOV     DPTR,#GenericApp_TaskID
   \   000009   F0           MOVX    @DPTR,A
     92            
     93            GenericApp_NwkState = DEV_INIT;   // 初始化网络状态
   \   00000A   90....       MOV     DPTR,#GenericApp_NwkState
   \   00000D   7401         MOV     A,#0x1
   \   00000F   F0           MOVX    @DPTR,A
     94            
     95            GenericApp_TransID = 0;   // 消息ID
   \   000010   90....       MOV     DPTR,#GenericApp_TransID
   \   000013   E4           CLR     A
   \   000014   F0           MOVX    @DPTR,A
     96          
     97            
     98            // Fill out the endpoint description.  初始化端点描述符
     99            GenericApp_epDesc.endPoint = GENERICAPP_ENDPOINT;
   \   000015   90....       MOV     DPTR,#GenericApp_epDesc
   \   000018   740A         MOV     A,#0xa
   \   00001A   F0           MOVX    @DPTR,A
    100            GenericApp_epDesc.task_id = &GenericApp_TaskID;
   \   00001B   A3           INC     DPTR
   \   00001C   74..         MOV     A,#GenericApp_TaskID & 0xff
   \   00001E   F0           MOVX    @DPTR,A
   \   00001F   A3           INC     DPTR
   \   000020   74..         MOV     A,#(GenericApp_TaskID >> 8) & 0xff
   \   000022   F0           MOVX    @DPTR,A
    101            GenericApp_epDesc.simpleDesc
    102                      = (SimpleDescriptionFormat_t *)&GenericApp_SimpleDesc;
   \   000023   A3           INC     DPTR
   \   000024   74..         MOV     A,#GenericApp_SimpleDesc & 0xff
   \   000026   F0           MOVX    @DPTR,A
   \   000027   A3           INC     DPTR
   \   000028   74..         MOV     A,#(GenericApp_SimpleDesc >> 8) & 0xff
   \   00002A   F0           MOVX    @DPTR,A
    103            GenericApp_epDesc.latencyReq = noLatencyReqs;
   \   00002B   A3           INC     DPTR
   \   00002C   E4           CLR     A
   \   00002D   F0           MOVX    @DPTR,A
    104          
    105            // Register the endpoint description with the AF 注册端点
    106            afRegister( &GenericApp_epDesc );
   \   00002E                ; Setup parameters for call to function afRegister
   \   00002E   7A..         MOV     R2,#GenericApp_epDesc & 0xff
   \   000030   7B..         MOV     R3,#(GenericApp_epDesc >> 8) & 0xff
   \   000032   12....       LCALL   ??afRegister?relay
    107          }
   \   000035   7F01         MOV     R7,#0x1
   \   000037   02....       LJMP    ?BANKED_LEAVE_XDATA
    108          
    109          /*********************************************************************
    110           * @fn      GenericApp_ProcessEvent
    111           *
    112           * @brief   Generic Application Task event processor.  This function
    113           *          is called to process all events for the task.  Events
    114           *          include timers, messages and any other user defined events.
    115           *
    116           * @param   task_id  - The OSAL assigned task ID.
    117           * @param   events - events to process.  This is a bit map and can
    118           *                   contain more than one event.
    119           *
    120           * @return  none
    121           */
    122          
    123          /*
    124          typedef unsigned short (*pTaskEventHandlerFn)( unsigned char task_id, unsigned short event );
    125          
    126          //unsigned short (*pTaskEventHandlerFn)( unsigned char task_id, unsigned short event );
    127          //unsigned short *pTaskEventHandlerFn( unsigned char task_id, unsigned short event );
    128          
    129          
    130          const pTaskEventHandlerFn tasksArr[] = {
    131            macEventLoop,    
    132            nwk_event_loop,
    133            Hal_ProcessEvent,
    134            GenericApp_ProcessEvent
    135          };
    136          
    137          pTaskEventHandlerFn pfunc = GenericApp_ProcessEvent;
    138          pfunc(idx, events);
    139          
    140          pfunc = tasksArr[3];
    141          pfunc(idx, events);  => GenericApp_ProcessEvent(idx, events);
    142          (tasksArr[3])(idx, events);  => GenericApp_ProcessEvent(idx, events);
    143          */

   \                                 In  segment BANKED_CODE, align 1, keep-with-next
    144          uint16 GenericApp_ProcessEvent( uint8 task_id, uint16 events )
   \                     GenericApp_ProcessEvent:
    145          {
   \   000000   74F4         MOV     A,#-0xc
   \   000002   12....       LCALL   ?BANKED_ENTER_XDATA
   \   000005                ; Saved register size: 12
   \   000005                ; Auto size: 0
   \   000005   8A..         MOV     ?V0 + 0,R2
   \   000007   8B..         MOV     ?V0 + 1,R3
    146            afIncomingMSGPacket_t *MSGpkt;
    147            
    148            if ( events & SYS_EVENT_MSG )   // 判断是否是系统消息
   \   000009   EB           MOV     A,R3
   \   00000A   5480         ANL     A,#0x80
   \   00000C   6045         JZ      ??GenericApp_ProcessEvent_0
    149            {
    150              MSGpkt = (afIncomingMSGPacket_t *)osal_msg_receive( GenericApp_TaskID );
   \   00000E                ; Setup parameters for call to function osal_msg_receive
   \   00000E   8026         SJMP    ??GenericApp_ProcessEvent_1
    151              while ( MSGpkt )
    152              {
    153                switch ( MSGpkt->hdr.event )
   \                     ??GenericApp_ProcessEvent_2:
   \   000010   8E82         MOV     DPL,R6
   \   000012   8F83         MOV     DPH,R7
   \   000014   E0           MOVX    A,@DPTR
   \   000015   64D1         XRL     A,#0xd1
   \   000017   7016         JNZ     ??GenericApp_ProcessEvent_3
    154                {
    155                  case ZDO_STATE_CHANGE:   // 判断网络状态是否改变
    156                    GenericApp_NwkState = (devStates_t)(MSGpkt->hdr.status);
   \   000019   A3           INC     DPTR
   \   00001A   E0           MOVX    A,@DPTR
   \   00001B   90....       MOV     DPTR,#GenericApp_NwkState
   \   00001E   F0           MOVX    @DPTR,A
    157                    if ((GenericApp_NwkState == DEV_ROUTER)
    158                        || (GenericApp_NwkState == DEV_END_DEVICE) )   
   \   00001F   6407         XRL     A,#0x7
   \   000021   6005         JZ      ??GenericApp_ProcessEvent_4
   \   000023   E0           MOVX    A,@DPTR
   \   000024   6406         XRL     A,#0x6
   \   000026   7007         JNZ     ??GenericApp_ProcessEvent_3
    159                    {
    160                      // Start sending "the" message in a regular interval. 加入网络成功
    161                      // 发送数据
    162                      GenericApp_SendTheMessage(MSGpkt);
   \                     ??GenericApp_ProcessEvent_4:
   \   000028                ; Setup parameters for call to function GenericApp_SendTheMessage
   \   000028   EE           MOV     A,R6
   \   000029   FA           MOV     R2,A
   \   00002A   EF           MOV     A,R7
   \   00002B   FB           MOV     R3,A
   \   00002C   12....       LCALL   ??GenericApp_SendTheMessage?relay
    163                    }
    164                    break;
    165                   
    166          
    167                  default:
    168                    break;
    169                }
    170          
    171                // Release the memory
    172                osal_msg_deallocate( (uint8 *)MSGpkt );
   \                     ??GenericApp_ProcessEvent_3:
   \   00002F                ; Setup parameters for call to function osal_msg_deallocate
   \   00002F   EE           MOV     A,R6
   \   000030   FA           MOV     R2,A
   \   000031   EF           MOV     A,R7
   \   000032   FB           MOV     R3,A
   \   000033   12....       LCALL   ??osal_msg_deallocate?relay
    173          
    174                // Next
    175                MSGpkt = (afIncomingMSGPacket_t *)osal_msg_receive( GenericApp_TaskID );
   \   000036                ; Setup parameters for call to function osal_msg_receive
   \                     ??GenericApp_ProcessEvent_1:
   \   000036   90....       MOV     DPTR,#GenericApp_TaskID
   \   000039   E0           MOVX    A,@DPTR
   \   00003A   F9           MOV     R1,A
   \   00003B   12....       LCALL   ??osal_msg_receive?relay
   \   00003E   8A..         MOV     ?V0 + 2,R2
   \   000040   8B..         MOV     ?V0 + 3,R3
   \   000042   AE..         MOV     R6,?V0 + 2
   \   000044   AF..         MOV     R7,?V0 + 3
    176              }
   \   000046   EE           MOV     A,R6
   \   000047   4F           ORL     A,R7
   \   000048   70C6         JNZ     ??GenericApp_ProcessEvent_2
    177          
    178              // return unprocessed events
    179              return (events ^ SYS_EVENT_MSG);
   \   00004A   AA..         MOV     R2,?V0 + 0
   \   00004C   E5..         MOV     A,?V0 + 1
   \   00004E   6480         XRL     A,#0x80
   \   000050   FB           MOV     R3,A
   \   000051   8004         SJMP    ??GenericApp_ProcessEvent_5
    180            }
    181          
    182            // Discard unknown events
    183            return 0;
   \                     ??GenericApp_ProcessEvent_0:
   \   000053   7A00         MOV     R2,#0x0
   \   000055   7B00         MOV     R3,#0x0
   \                     ??GenericApp_ProcessEvent_5:
   \   000057   7F04         MOV     R7,#0x4
   \   000059   02....       LJMP    ?BANKED_LEAVE_XDATA
    184          }
    185          
    186          
    187          /*********************************************************************
    188           * @fn      GenericApp_SendTheMessage
    189           *
    190           * @brief   Send "the" message.
    191           *
    192           * @param   none
    193           *
    194           * @return  none
    195           */

   \                                 In  segment BANKED_CODE, align 1, keep-with-next
    196          static void GenericApp_SendTheMessage( afIncomingMSGPacket_t *ptr )
   \                     GenericApp_SendTheMessage:
    197          {
   \   000000   74F5         MOV     A,#-0xb
   \   000002   12....       LCALL   ?BANKED_ENTER_XDATA
   \   000005                ; Saved register size: 11
   \   000005                ; Auto size: 20
   \   000005   74EC         MOV     A,#-0x14
   \   000007   12....       LCALL   ?ALLOC_XSTACK8
    198            unsigned char buffer[20];
    199            //osal_start_timerEx(GenericApp_TaskID, USER_EVENT_BROADCAST, 5000); 
    200            osal_memcpy(buffer,ptr->cmd.Data,sizeof(buffer));
   \   00000A                ; Setup parameters for call to function osal_memcpy
   \   00000A   EA           MOV     A,R2
   \   00000B   2422         ADD     A,#0x22
   \   00000D   F582         MOV     DPL,A
   \   00000F   EB           MOV     A,R3
   \   000010   3400         ADDC    A,#0x0
   \   000012   F583         MOV     DPH,A
   \   000014   E0           MOVX    A,@DPTR
   \   000015   F5..         MOV     ?V0 + 0,A
   \   000017   A3           INC     DPTR
   \   000018   E0           MOVX    A,@DPTR
   \   000019   F5..         MOV     ?V0 + 1,A
   \   00001B   75..00       MOV     ?V0 + 2,#0x0
   \   00001E   78..         MOV     R0,#?V0 + 0
   \   000020   12....       LCALL   ?PUSH_XSTACK_I_THREE
   \   000023   7C14         MOV     R4,#0x14
   \   000025   7D00         MOV     R5,#0x0
   \   000027   7403         MOV     A,#0x3
   \   000029   12....       LCALL   ?XSTACK_DISP0_8
   \   00002C   AA82         MOV     R2,DPL
   \   00002E   AB83         MOV     R3,DPH
   \   000030   12....       LCALL   ??osal_memcpy?relay
   \   000033   7403         MOV     A,#0x3
   \   000035   12....       LCALL   ?DEALLOC_XSTACK8
    201            if (osal_memcmp(buffer,"0123456789",sizeof(buffer)) == 0)
   \   000038                ; Setup parameters for call to function osal_memcmp
   \   000038   75....       MOV     ?V0 + 0,#`?<Constant "0123456789">` & 0xff
   \   00003B   75....       MOV     ?V0 + 1,#(`?<Constant "0123456789">` >> 8) & 0xff
   \   00003E   78..         MOV     R0,#?V0 + 0
   \   000040   12....       LCALL   ?PUSH_XSTACK_I_THREE
   \   000043   7C14         MOV     R4,#0x14
   \   000045   7D00         MOV     R5,#0x0
   \   000047   7403         MOV     A,#0x3
   \   000049   12....       LCALL   ?XSTACK_DISP0_8
   \   00004C   A982         MOV     R1,DPL
   \   00004E   AA83         MOV     R2,DPH
   \   000050   7B00         MOV     R3,#0x0
   \   000052   12....       LCALL   ??osal_memcmp?relay
   \   000055   7403         MOV     A,#0x3
   \   000057   12....       LCALL   ?DEALLOC_XSTACK8
   \   00005A   E9           MOV     A,R1
   \   00005B   700D         JNZ     ??GenericApp_SendTheMessage_0
    202            {
    203              HalLedBlink(HAL_LED_2, 5, 50, 1000);    
   \   00005D                ; Setup parameters for call to function HalLedBlink
   \   00005D   7CE8         MOV     R4,#-0x18
   \   00005F   7D03         MOV     R5,#0x3
   \   000061   7B32         MOV     R3,#0x32
   \   000063   7A05         MOV     R2,#0x5
   \   000065   7902         MOV     R1,#0x2
   \   000067   12....       LCALL   ??HalLedBlink?relay
    204            }
    205          }
   \                     ??GenericApp_SendTheMessage_0:
   \   00006A   7414         MOV     A,#0x14
   \   00006C   12....       LCALL   ?DEALLOC_XSTACK8
   \   00006F   7F03         MOV     R7,#0x3
   \   000071   02....       LJMP    ?BANKED_LEAVE_XDATA

   \                                 In  segment BANK_RELAYS, align 1
   \                     ??GenericApp_Init?relay:
   \   000000   12....       LCALL   ?BDISPATCH
   \   000003   ......       DC24    GenericApp_Init

   \                                 In  segment BANK_RELAYS, align 1
   \                     ??GenericApp_ProcessEvent?relay:
   \   000000   12....       LCALL   ?BDISPATCH
   \   000003   ......       DC24    GenericApp_ProcessEvent

   \                                 In  segment BANK_RELAYS, align 1
   \                     ??GenericApp_SendTheMessage?relay:
   \   000000   12....       LCALL   ?BDISPATCH
   \   000003   ......       DC24    GenericApp_SendTheMessage

   \                                 In  segment XDATA_ROM_C, align 1
   \                     `?<Constant "0123456789">`:
   \   000000   30313233     DB "0123456789"
   \            34353637
   \            383900  
    206          

   Maximum stack usage in bytes:

     Function                       ISTACK PSTACK XSTACK
     --------                       ------ ------ ------
     GenericApp_Init                    0      0      9
       -> afRegister                    0      0     18
     GenericApp_ProcessEvent            0      0     12
       -> osal_msg_receive              0      0     24
       -> GenericApp_SendTheMessage     0      0     24
       -> osal_msg_deallocate           0      0     24
       -> osal_msg_receive              0      0     24
     GenericApp_SendTheMessage          0      0     46
       -> osal_memcpy                   0      0     68
       -> osal_memcmp                   0      0     68
       -> HalLedBlink                   0      0     62


   Segment part sizes:

     Function/Label                    Bytes
     --------------                    -----
     GenericApp_ClusterList               2
     GenericApp_SimpleDesc               12
     GenericApp_epDesc                    6
     GenericApp_TaskID                    1
     GenericApp_NwkState                  1
     GenericApp_TransID                   1
     GenericApp_Init                     58
     GenericApp_ProcessEvent             92
     GenericApp_SendTheMessage          116
     ??GenericApp_Init?relay              6
     ??GenericApp_ProcessEvent?relay      6
     ??GenericApp_SendTheMessage?relay    6
     ?<Constant "0123456789">            11

 
 266 bytes in segment BANKED_CODE
  18 bytes in segment BANK_RELAYS
  25 bytes in segment XDATA_ROM_C
   9 bytes in segment XDATA_Z
 
 284 bytes of CODE  memory
  25 bytes of CONST memory
   9 bytes of XDATA memory

Errors: none
Warnings: none
